// Jest Snapshot v1, https://goo.gl/fbAQLP

exports[`renders correctly react-test-renderer 1`] = `
<View
  style={
    Object {
      "padding": 10,
    }
  }
>
  <Text>
    Upload a file
  </Text>
  <Picker
    mode="dialog"
    style={
      Object {
        "color": "black",
        "height": 100,
        "width": 100,
      }
    }
  />
  <Button
    color="#444444"
    onPress={[Function]}
    title="Pick a file"
  />
</View>
`;
